Archive member included to satisfy reference by file (symbol)

c:/program files/microchip/xc8/v2.50/avr/bin/../lib/gcc/avr/5.4.0/avrxmega2/memx-const/mapped\libgcc.a(_copy_data.o)
                              build/default/production/mcc_generated_files/i2c_host/src/twi0.o (__do_copy_data)
c:/program files/microchip/xc8/v2.50/avr/bin/../lib/gcc/avr/5.4.0/../../../../avr/lib/avrxmega2/memx-const/mapped\libc.a(exit.o)
                              C:/Users/joaov/.mchp_packs/Microchip/AVR-Dx_DFP/2.6.303/xc8/avr/lib/avrxmega2/memx-const/mapped/crtavr64dd32.o (exit)
c:/program files/microchip/xc8/v2.50/avr/bin/../lib/gcc/avr/5.4.0/../../../../avr/lib/avrxmega2/memx-const/mapped\libc.a(stdout.o)
                              build/default/production/mcc_generated_files/uart/src/usart0.o (_stdout)
c:/program files/microchip/xc8/v2.50/avr/bin/../lib/gcc/avr/5.4.0/../../../../avr/lib/avrxmega2/memx-const/mapped\libc.a(_Exit.o)
                              c:/program files/microchip/xc8/v2.50/avr/bin/../lib/gcc/avr/5.4.0/../../../../avr/lib/avrxmega2/memx-const/mapped\libc.a(exit.o) (_Exit)
c:/program files/microchip/xc8/v2.50/avr/bin/../lib/gcc/avr/5.4.0/avrxmega2/memx-const/mapped\libgcc.a(_exit.o)
                              c:/program files/microchip/xc8/v2.50/avr/bin/../lib/gcc/avr/5.4.0/../../../../avr/lib/avrxmega2/memx-const/mapped\libc.a(_Exit.o) (_exit)

Allocating common symbols
Common symbol       size              file

__stdout_used       0x2               c:/program files/microchip/xc8/v2.50/avr/bin/../lib/gcc/avr/5.4.0/../../../../avr/lib/avrxmega2/memx-const/mapped\libc.a(stdout.o)

Discarded input sections

 .data          0x0000000000000000        0x0 C:/Users/joaov/.mchp_packs/Microchip/AVR-Dx_DFP/2.6.303/xc8/avr/lib/avrxmega2/memx-const/mapped/crtavr64dd32.o
 .bss           0x0000000000000000        0x0 C:/Users/joaov/.mchp_packs/Microchip/AVR-Dx_DFP/2.6.303/xc8/avr/lib/avrxmega2/memx-const/mapped/crtavr64dd32.o
 .text          0x0000000000000000        0x0 build/default/production/mcc_generated_files/system/src/interrupt.o
 .data          0x0000000000000000        0x0 build/default/production/mcc_generated_files/system/src/interrupt.o
 .bss           0x0000000000000000        0x0 build/default/production/mcc_generated_files/system/src/interrupt.o
 .text          0x0000000000000000        0x0 build/default/production/mcc_generated_files/system/src/system.o
 .data          0x0000000000000000        0x0 build/default/production/mcc_generated_files/system/src/system.o
 .bss           0x0000000000000000        0x0 build/default/production/mcc_generated_files/system/src/system.o
 .text          0x0000000000000000        0x0 build/default/production/mcc_generated_files/i2c_host/src/twi0.o
 .data          0x0000000000000000        0x0 build/default/production/mcc_generated_files/i2c_host/src/twi0.o
 .bss           0x0000000000000000        0x0 build/default/production/mcc_generated_files/i2c_host/src/twi0.o
 .text          0x0000000000000000        0x0 build/default/production/mcc_generated_files/system/src/config_bits.o
 .data          0x0000000000000000        0x0 build/default/production/mcc_generated_files/system/src/config_bits.o
 .bss           0x0000000000000000        0x0 build/default/production/mcc_generated_files/system/src/config_bits.o
 .text          0x0000000000000000        0x0 build/default/production/mcc_generated_files/system/src/protected_io.o
 .data          0x0000000000000000        0x0 build/default/production/mcc_generated_files/system/src/protected_io.o
 .bss           0x0000000000000000        0x0 build/default/production/mcc_generated_files/system/src/protected_io.o
 .text          0x0000000000000000        0x0 build/default/production/main.o
 .data          0x0000000000000000        0x0 build/default/production/main.o
 .bss           0x0000000000000000        0x0 build/default/production/main.o
 .text          0x0000000000000000        0x0 build/default/production/mcc_generated_files/system/src/clock.o
 .data          0x0000000000000000        0x0 build/default/production/mcc_generated_files/system/src/clock.o
 .bss           0x0000000000000000        0x0 build/default/production/mcc_generated_files/system/src/clock.o
 .text.CFD_Enable
                0x0000000000000000       0x10 build/default/production/mcc_generated_files/system/src/clock.o
 .text.CFD_Disable
                0x0000000000000000       0x12 build/default/production/mcc_generated_files/system/src/clock.o
 .text          0x0000000000000000        0x0 build/default/production/mcc_generated_files/system/src/pins.o
 .data          0x0000000000000000        0x0 build/default/production/mcc_generated_files/system/src/pins.o
 .bss           0x0000000000000000        0x0 build/default/production/mcc_generated_files/system/src/pins.o
 .text.IO_PD5_SetInterruptHandler
                0x0000000000000000        0xa build/default/production/mcc_generated_files/system/src/pins.o
 .text.IO_PD4_SetInterruptHandler
                0x0000000000000000        0xa build/default/production/mcc_generated_files/system/src/pins.o
 .text.IO_PA3_SetInterruptHandler
                0x0000000000000000        0xa build/default/production/mcc_generated_files/system/src/pins.o
 .text.IO_PA2_SetInterruptHandler
                0x0000000000000000        0xa build/default/production/mcc_generated_files/system/src/pins.o
 .text.IO_PD3_SetInterruptHandler
                0x0000000000000000        0xa build/default/production/mcc_generated_files/system/src/pins.o
 .text          0x0000000000000000        0x0 build/default/production/mcc_generated_files/uart/src/usart0.o
 .data          0x0000000000000000        0x0 build/default/production/mcc_generated_files/uart/src/usart0.o
 .bss           0x0000000000000000        0x0 build/default/production/mcc_generated_files/uart/src/usart0.o
 .text.USART0_Deinitialize
                0x0000000000000000       0x18 build/default/production/mcc_generated_files/uart/src/usart0.o
 .text.USART0_TransmitEnable
                0x0000000000000000        0xc build/default/production/mcc_generated_files/uart/src/usart0.o
 .text.USART0_TransmitDisable
                0x0000000000000000        0xc build/default/production/mcc_generated_files/uart/src/usart0.o
 .text.USART0_AutoBaudSet
                0x0000000000000000       0x28 build/default/production/mcc_generated_files/uart/src/usart0.o
 .text.USART0_AutoBaudQuery
                0x0000000000000000        0xa build/default/production/mcc_generated_files/uart/src/usart0.o
 .text.USART0_IsRxReady
                0x0000000000000000        0xc build/default/production/mcc_generated_files/uart/src/usart0.o
 .text.USART0_IsTxDone
                0x0000000000000000        0xc build/default/production/mcc_generated_files/uart/src/usart0.o
 .text.USART0_ErrorGet
                0x0000000000000000       0x72 build/default/production/mcc_generated_files/uart/src/usart0.o
 .text.USART0_Read
                0x0000000000000000        0x6 build/default/production/mcc_generated_files/uart/src/usart0.o
 .text.USART0_Write
                0x0000000000000000        0x6 build/default/production/mcc_generated_files/uart/src/usart0.o
 .text.USART0_FramingErrorCallbackRegister
                0x0000000000000000        0xe build/default/production/mcc_generated_files/uart/src/usart0.o
 .text.USART0_OverrunErrorCallbackRegister
                0x0000000000000000        0xe build/default/production/mcc_generated_files/uart/src/usart0.o
 .text.USART0_ParityErrorCallbackRegister
                0x0000000000000000        0xe build/default/production/mcc_generated_files/uart/src/usart0.o
 .text.USART0_Enable
                0x0000000000000000        0xc build/default/production/mcc_generated_files/uart/src/usart0.o
 .text.USART0_Disable
                0x0000000000000000        0xc build/default/production/mcc_generated_files/uart/src/usart0.o
 .text.USART0_ReceiveEnable
                0x0000000000000000        0xc build/default/production/mcc_generated_files/uart/src/usart0.o
 .text.USART0_ReceiveDisable
                0x0000000000000000        0xc build/default/production/mcc_generated_files/uart/src/usart0.o
 .text.USART0_IsAutoBaudDetectError
                0x0000000000000000        0xc build/default/production/mcc_generated_files/uart/src/usart0.o
 .text.USART0_AutoBaudDetectErrorReset
                0x0000000000000000       0x28 build/default/production/mcc_generated_files/uart/src/usart0.o
 .rodata.UART0  0x0000000000000000       0x30 build/default/production/mcc_generated_files/uart/src/usart0.o
 .text          0x0000000000000000        0x0 build/default/production/mcp23008_Microchip.o
 .data          0x0000000000000000        0x0 build/default/production/mcp23008_Microchip.o
 .bss           0x0000000000000000        0x0 build/default/production/mcp23008_Microchip.o
 .text          0x0000000000000000        0x0 build/default/production/mcc_generated_files/timer/src/delay.o
 .data          0x0000000000000000        0x0 build/default/production/mcc_generated_files/timer/src/delay.o
 .bss           0x0000000000000000        0x0 build/default/production/mcc_generated_files/timer/src/delay.o
 .text.DELAY_milliseconds
                0x0000000000000000       0x16 build/default/production/mcc_generated_files/timer/src/delay.o
 .text.DELAY_microseconds
                0x0000000000000000       0x30 build/default/production/mcc_generated_files/timer/src/delay.o
 .debug_info    0x0000000000000000      0x441 build/default/production/mcc_generated_files/timer/src/delay.o
 .debug_abbrev  0x0000000000000000      0x12b build/default/production/mcc_generated_files/timer/src/delay.o
 .debug_loc     0x0000000000000000      0x15e build/default/production/mcc_generated_files/timer/src/delay.o
 .debug_aranges
                0x0000000000000000       0x28 build/default/production/mcc_generated_files/timer/src/delay.o
 .debug_ranges  0x0000000000000000       0x18 build/default/production/mcc_generated_files/timer/src/delay.o
 .debug_line    0x0000000000000000      0x13e build/default/production/mcc_generated_files/timer/src/delay.o
 .debug_str     0x0000000000000000       0x26 build/default/production/mcc_generated_files/timer/src/delay.o
 .comment       0x0000000000000000       0x30 build/default/production/mcc_generated_files/timer/src/delay.o
 .debug_frame   0x0000000000000000       0x34 build/default/production/mcc_generated_files/timer/src/delay.o
 .text          0x0000000000000000        0x0 c:/program files/microchip/xc8/v2.50/avr/bin/../lib/gcc/avr/5.4.0/avrxmega2/memx-const/mapped\libgcc.a(_copy_data.o)
 .data          0x0000000000000000        0x0 c:/program files/microchip/xc8/v2.50/avr/bin/../lib/gcc/avr/5.4.0/avrxmega2/memx-const/mapped\libgcc.a(_copy_data.o)
 .bss           0x0000000000000000        0x0 c:/program files/microchip/xc8/v2.50/avr/bin/../lib/gcc/avr/5.4.0/avrxmega2/memx-const/mapped\libgcc.a(_copy_data.o)
 .text.libgcc.mul
                0x0000000000000000        0x0 c:/program files/microchip/xc8/v2.50/avr/bin/../lib/gcc/avr/5.4.0/avrxmega2/memx-const/mapped\libgcc.a(_copy_data.o)
 .text.libgcc.div
                0x0000000000000000        0x0 c:/program files/microchip/xc8/v2.50/avr/bin/../lib/gcc/avr/5.4.0/avrxmega2/memx-const/mapped\libgcc.a(_copy_data.o)
 .text.libgcc   0x0000000000000000        0x0 c:/program files/microchip/xc8/v2.50/avr/bin/../lib/gcc/avr/5.4.0/avrxmega2/memx-const/mapped\libgcc.a(_copy_data.o)
 .text.libgcc.prologue
                0x0000000000000000        0x0 c:/program files/microchip/xc8/v2.50/avr/bin/../lib/gcc/avr/5.4.0/avrxmega2/memx-const/mapped\libgcc.a(_copy_data.o)
 .text.libgcc.builtins
                0x0000000000000000        0x0 c:/program files/microchip/xc8/v2.50/avr/bin/../lib/gcc/avr/5.4.0/avrxmega2/memx-const/mapped\libgcc.a(_copy_data.o)
 .text.libgcc.fmul
                0x0000000000000000        0x0 c:/program files/microchip/xc8/v2.50/avr/bin/../lib/gcc/avr/5.4.0/avrxmega2/memx-const/mapped\libgcc.a(_copy_data.o)
 .text.libgcc.fixed
                0x0000000000000000        0x0 c:/program files/microchip/xc8/v2.50/avr/bin/../lib/gcc/avr/5.4.0/avrxmega2/memx-const/mapped\libgcc.a(_copy_data.o)
 .text          0x0000000000000000        0x0 c:/program files/microchip/xc8/v2.50/avr/bin/../lib/gcc/avr/5.4.0/../../../../avr/lib/avrxmega2/memx-const/mapped\libc.a(exit.o)
 .data          0x0000000000000000        0x0 c:/program files/microchip/xc8/v2.50/avr/bin/../lib/gcc/avr/5.4.0/../../../../avr/lib/avrxmega2/memx-const/mapped\libc.a(exit.o)
 .bss           0x0000000000000000        0x0 c:/program files/microchip/xc8/v2.50/avr/bin/../lib/gcc/avr/5.4.0/../../../../avr/lib/avrxmega2/memx-const/mapped\libc.a(exit.o)
 .stack.descriptors
                0x0000000000000000       0x73 c:/program files/microchip/xc8/v2.50/avr/bin/../lib/gcc/avr/5.4.0/../../../../avr/lib/avrxmega2/memx-const/mapped\libc.a(exit.o)
 .text          0x0000000000000000        0x0 c:/program files/microchip/xc8/v2.50/avr/bin/../lib/gcc/avr/5.4.0/../../../../avr/lib/avrxmega2/memx-const/mapped\libc.a(stdout.o)
 .data          0x0000000000000000        0x0 c:/program files/microchip/xc8/v2.50/avr/bin/../lib/gcc/avr/5.4.0/../../../../avr/lib/avrxmega2/memx-const/mapped\libc.a(stdout.o)
 .bss           0x0000000000000000        0x0 c:/program files/microchip/xc8/v2.50/avr/bin/../lib/gcc/avr/5.4.0/../../../../avr/lib/avrxmega2/memx-const/mapped\libc.a(stdout.o)
 .stack.descriptors
                0x0000000000000000       0x1b c:/program files/microchip/xc8/v2.50/avr/bin/../lib/gcc/avr/5.4.0/../../../../avr/lib/avrxmega2/memx-const/mapped\libc.a(stdout.o)
 .text.__init_stdout
                0x0000000000000000       0x1e c:/program files/microchip/xc8/v2.50/avr/bin/../lib/gcc/avr/5.4.0/../../../../avr/lib/avrxmega2/memx-const/mapped\libc.a(stdout.o)
 .data.f        0x0000000000000000       0x10 c:/program files/microchip/xc8/v2.50/avr/bin/../lib/gcc/avr/5.4.0/../../../../avr/lib/avrxmega2/memx-const/mapped\libc.a(stdout.o)
 COMMON         0x0000000000000000        0x2 c:/program files/microchip/xc8/v2.50/avr/bin/../lib/gcc/avr/5.4.0/../../../../avr/lib/avrxmega2/memx-const/mapped\libc.a(stdout.o)
 .text          0x0000000000000000        0x0 c:/program files/microchip/xc8/v2.50/avr/bin/../lib/gcc/avr/5.4.0/../../../../avr/lib/avrxmega2/memx-const/mapped\libc.a(_Exit.o)
 .data          0x0000000000000000        0x0 c:/program files/microchip/xc8/v2.50/avr/bin/../lib/gcc/avr/5.4.0/../../../../avr/lib/avrxmega2/memx-const/mapped\libc.a(_Exit.o)
 .bss           0x0000000000000000        0x0 c:/program files/microchip/xc8/v2.50/avr/bin/../lib/gcc/avr/5.4.0/../../../../avr/lib/avrxmega2/memx-const/mapped\libc.a(_Exit.o)
 .stack.descriptors
                0x0000000000000000       0x13 c:/program files/microchip/xc8/v2.50/avr/bin/../lib/gcc/avr/5.4.0/../../../../avr/lib/avrxmega2/memx-const/mapped\libc.a(_Exit.o)
 .text          0x0000000000000000        0x0 c:/program files/microchip/xc8/v2.50/avr/bin/../lib/gcc/avr/5.4.0/avrxmega2/memx-const/mapped\libgcc.a(_exit.o)
 .data          0x0000000000000000        0x0 c:/program files/microchip/xc8/v2.50/avr/bin/../lib/gcc/avr/5.4.0/avrxmega2/memx-const/mapped\libgcc.a(_exit.o)
 .bss           0x0000000000000000        0x0 c:/program files/microchip/xc8/v2.50/avr/bin/../lib/gcc/avr/5.4.0/avrxmega2/memx-const/mapped\libgcc.a(_exit.o)
 .text.libgcc.mul
                0x0000000000000000        0x0 c:/program files/microchip/xc8/v2.50/avr/bin/../lib/gcc/avr/5.4.0/avrxmega2/memx-const/mapped\libgcc.a(_exit.o)
 .text.libgcc.div
                0x0000000000000000        0x0 c:/program files/microchip/xc8/v2.50/avr/bin/../lib/gcc/avr/5.4.0/avrxmega2/memx-const/mapped\libgcc.a(_exit.o)
 .text.libgcc   0x0000000000000000        0x0 c:/program files/microchip/xc8/v2.50/avr/bin/../lib/gcc/avr/5.4.0/avrxmega2/memx-const/mapped\libgcc.a(_exit.o)
 .text.libgcc.prologue
                0x0000000000000000        0x0 c:/program files/microchip/xc8/v2.50/avr/bin/../lib/gcc/avr/5.4.0/avrxmega2/memx-const/mapped\libgcc.a(_exit.o)
 .stack.descriptors
                0x0000000000000000       0x13 c:/program files/microchip/xc8/v2.50/avr/bin/../lib/gcc/avr/5.4.0/avrxmega2/memx-const/mapped\libgcc.a(_exit.o)
 .text.libgcc.builtins
                0x0000000000000000        0x0 c:/program files/microchip/xc8/v2.50/avr/bin/../lib/gcc/avr/5.4.0/avrxmega2/memx-const/mapped\libgcc.a(_exit.o)
 .text.libgcc.fmul
                0x0000000000000000        0x0 c:/program files/microchip/xc8/v2.50/avr/bin/../lib/gcc/avr/5.4.0/avrxmega2/memx-const/mapped\libgcc.a(_exit.o)
 .text.libgcc.fixed
                0x0000000000000000        0x0 c:/program files/microchip/xc8/v2.50/avr/bin/../lib/gcc/avr/5.4.0/avrxmega2/memx-const/mapped\libgcc.a(_exit.o)

Memory Configuration

Name             Origin             Length             Attributes
text             0x0000000000000000 0x0000000000010000 xr
data             0x0000000000806000 0x0000000000002000 rw !x
eeprom           0x0000000000810000 0x0000000000000100 rw !x
fuse             0x0000000000820000 0x0000000000000010 rw !x
lock             0x0000000000830000 0x0000000000000400 rw !x
signature        0x0000000000840000 0x0000000000000400 rw !x
user_signatures  0x0000000000850000 0x0000000000000400 rw !x
bootrow          0x0000000000860000 0x0000000000000400 rw !x
*default*        0x0000000000000000 0xffffffffffffffff

Linker script and memory map

Address of section .data set to 0x806000
                0x0000000000008000                __RODATA_PM_OFFSET__ = 0x8000
LOAD C:/Users/joaov/.mchp_packs/Microchip/AVR-Dx_DFP/2.6.303/xc8/avr/lib/avrxmega2/memx-const/mapped/crtavr64dd32.o
                0x0000000000000001                __MPLAB_BUILD = 0x1
LOAD build/default/production/mcc_generated_files/system/src/interrupt.o
LOAD build/default/production/mcc_generated_files/system/src/system.o
LOAD build/default/production/mcc_generated_files/i2c_host/src/twi0.o
LOAD build/default/production/mcc_generated_files/system/src/config_bits.o
LOAD build/default/production/mcc_generated_files/system/src/protected_io.o
LOAD build/default/production/main.o
LOAD build/default/production/mcc_generated_files/system/src/clock.o
LOAD build/default/production/mcc_generated_files/system/src/pins.o
LOAD build/default/production/mcc_generated_files/uart/src/usart0.o
LOAD build/default/production/mcp23008_Microchip.o
LOAD build/default/production/mcc_generated_files/timer/src/delay.o
START GROUP
LOAD c:/program files/microchip/xc8/v2.50/avr/bin/../lib/gcc/avr/5.4.0/../../../../avr/lib/avrxmega2/memx-const/mapped\libm.a
END GROUP
START GROUP
LOAD c:/program files/microchip/xc8/v2.50/avr/bin/../lib/gcc/avr/5.4.0/avrxmega2/memx-const/mapped\libgcc.a
LOAD c:/program files/microchip/xc8/v2.50/avr/bin/../lib/gcc/avr/5.4.0/../../../../avr/lib/avrxmega2/memx-const/mapped\libm.a
LOAD c:/program files/microchip/xc8/v2.50/avr/bin/../lib/gcc/avr/5.4.0/../../../../avr/lib/avrxmega2/memx-const/mapped\libc.a
LOAD C:/Users/joaov/.mchp_packs/Microchip/AVR-Dx_DFP/2.6.303/xc8/avr/lib/avrxmega2/memx-const/mapped\libavr64dd32.a
END GROUP
                [0x0000000000000000]                __TEXT_REGION_ORIGIN__ = DEFINED (__TEXT_REGION_ORIGIN__)?__TEXT_REGION_ORIGIN__:0x0
                [0x0000000000806000]                __DATA_REGION_ORIGIN__ = DEFINED (__DATA_REGION_ORIGIN__)?__DATA_REGION_ORIGIN__:0x802000
                [0x0000000000010000]                __TEXT_REGION_LENGTH__ = DEFINED (__TEXT_REGION_LENGTH__)?__TEXT_REGION_LENGTH__:0x100000
                [0x0000000000002000]                __DATA_REGION_LENGTH__ = DEFINED (__DATA_REGION_LENGTH__)?__DATA_REGION_LENGTH__:0xffa0
                [0x0000000000000100]                __EEPROM_REGION_LENGTH__ = DEFINED (__EEPROM_REGION_LENGTH__)?__EEPROM_REGION_LENGTH__:0x10000
                [0x0000000000000010]                __FUSE_REGION_LENGTH__ = DEFINED (__FUSE_REGION_LENGTH__)?__FUSE_REGION_LENGTH__:0x400
                0x0000000000000400                __LOCK_REGION_LENGTH__ = DEFINED (__LOCK_REGION_LENGTH__)?__LOCK_REGION_LENGTH__:0x400
                0x0000000000000400                __SIGNATURE_REGION_LENGTH__ = DEFINED (__SIGNATURE_REGION_LENGTH__)?__SIGNATURE_REGION_LENGTH__:0x400
                0x0000000000000400                __USER_SIGNATURE_REGION_LENGTH__ = DEFINED (__USER_SIGNATURE_REGION_LENGTH__)?__USER_SIGNATURE_REGION_LENGTH__:0x400
                0x0000000000000400                __BOOTROW_REGION_LENGTH__ = DEFINED (__BOOTROW_REGION_LENGTH__)?__BOOTROW_REGION_LENGTH__:0x400

.hash
 *(.hash)

.dynsym
 *(.dynsym)

.dynstr
 *(.dynstr)

.gnu.version
 *(.gnu.version)

.gnu.version_d
 *(.gnu.version_d)

.gnu.version_r
 *(.gnu.version_r)

.rel.init
 *(.rel.init)

.rela.init
 *(.rela.init)

.rel.text
 *(.rel.text)
 *(.rel.text.*)
 *(.rel.gnu.linkonce.t*)

.rela.text
 *(.rela.text)
 *(.rela.text.*)
 *(.rela.gnu.linkonce.t*)

.rel.fini
 *(.rel.fini)

.rela.fini
 *(.rela.fini)

.rel.rodata
 *(.rel.rodata)
 *(.rel.rodata.*)
 *(.rel.gnu.linkonce.r*)

.rela.rodata
 *(.rela.rodata)
 *(.rela.rodata.*)
 *(.rela.gnu.linkonce.r*)

.rel.data
 *(.rel.data)
 *(.rel.data.*)
 *(.rel.gnu.linkonce.d*)

.rela.data
 *(.rela.data)
 *(.rela.data.*)
 *(.rela.gnu.linkonce.d*)

.rel.ctors
 *(.rel.ctors)

.rela.ctors
 *(.rela.ctors)

.rel.dtors
 *(.rel.dtors)

.rela.dtors
 *(.rela.dtors)

.rel.got
 *(.rel.got)

.rela.got
 *(.rela.got)

.rel.bss
 *(.rel.bss)

.rela.bss
 *(.rela.bss)

.rel.plt
 *(.rel.plt)

.rela.plt
 *(.rela.plt)

.text           0x0000000000000000      0x10e
 *(.vectors)
 .vectors       0x0000000000000000       0x90 C:/Users/joaov/.mchp_packs/Microchip/AVR-Dx_DFP/2.6.303/xc8/avr/lib/avrxmega2/memx-const/mapped/crtavr64dd32.o
                0x0000000000000000                __vector_default
                0x0000000000000000                __vectors
 *(.vectors)
 *(.progmem.gcc*)
 *(.dinit)
 .dinit         0x0000000000000090       0x18 data_init
                0x00000000000000a8                . = ALIGN (0x2)
                0x00000000000000a8                __trampolines_start = .
 *(.trampolines)
 .trampolines   0x00000000000000a8        0x0 linker stubs
 *(.trampolines*)
                0x00000000000000a8                __trampolines_end = .
 *libprintf_flt.a:*(.progmem.data)
 *libc.a:*(.progmem.data)
                0x00000000000000a8                . = ALIGN (0x2)
 *(.jumptables)
 *(.jumptables*)
 *(.lowtext)
 *(.lowtext*)
                0x00000000000000a8                __ctors_start = .
 *(.ctors)
                0x00000000000000a8                __ctors_end = .
                0x00000000000000a8                __dtors_start = .
 *(.dtors)
                0x00000000000000a8                __dtors_end = .
 SORT(*)(.ctors)
 SORT(*)(.dtors)
 *(.init0)
 .init0         0x00000000000000a8        0x0 C:/Users/joaov/.mchp_packs/Microchip/AVR-Dx_DFP/2.6.303/xc8/avr/lib/avrxmega2/memx-const/mapped/crtavr64dd32.o
                0x00000000000000a8                __init
 *(.init0)
 *(.init1)
 .init1         0x00000000000000a8       0x12 C:/Users/joaov/.mchp_packs/Microchip/AVR-Dx_DFP/2.6.303/xc8/avr/lib/avrxmega2/memx-const/mapped/crtavr64dd32.o
 *(.init1)
 *(.init2)
 .init2         0x00000000000000ba        0xc C:/Users/joaov/.mchp_packs/Microchip/AVR-Dx_DFP/2.6.303/xc8/avr/lib/avrxmega2/memx-const/mapped/crtavr64dd32.o
 *(.init2)
 *(.init3)
 *(.init3)
 *(.init4)
 .init4         0x00000000000000c6       0x3c c:/program files/microchip/xc8/v2.50/avr/bin/../lib/gcc/avr/5.4.0/avrxmega2/memx-const/mapped\libgcc.a(_copy_data.o)
                0x00000000000000c6                __do_copy_data
                0x00000000000000f4                __do_clear_bss
 *(.init4)
 *(.init5)
 *(.init5)
 *(.init6)
 *(.init6)
 *(.init7)
 *(.init7)
 *(.init8)
 *(.init8)
 *(.init9)
 .init9         0x0000000000000102        0x8 C:/Users/joaov/.mchp_packs/Microchip/AVR-Dx_DFP/2.6.303/xc8/avr/lib/avrxmega2/memx-const/mapped/crtavr64dd32.o
 *(.init9)
                0x000000000000010a                . = ALIGN (0x2)
 *(.fini9)
 .fini9         0x000000000000010a        0x0 c:/program files/microchip/xc8/v2.50/avr/bin/../lib/gcc/avr/5.4.0/avrxmega2/memx-const/mapped\libgcc.a(_exit.o)
                0x000000000000010a                _exit
 *(.fini9)
 *(.fini8)
 *(.fini8)
 *(.fini7)
 *(.fini7)
 *(.fini6)
 *(.fini6)
 *(.fini5)
 *(.fini5)
 *(.fini4)
 *(.fini4)
 *(.fini3)
 *(.fini3)
 *(.fini2)
 *(.fini2)
 *(.fini1)
 *(.fini1)
 *(.fini0)
 .fini0         0x000000000000010a        0x4 c:/program files/microchip/xc8/v2.50/avr/bin/../lib/gcc/avr/5.4.0/avrxmega2/memx-const/mapped\libgcc.a(_exit.o)
 *(.fini0)
                0x000000000000010e                _etext = .

.data           0x0000000000806000        0x0 load address 0x000000000000010e
                [!provide]                        PROVIDE (__data_start, .)
 *(.gnu.linkonce.d*)
 *(.gnu.linkonce.r*)
                0x0000000000806000                . = ALIGN (0x2)
                0x0000000000806000                _edata = .
                [!provide]                        PROVIDE (__data_end, .)

.bss            0x0000000000806000        0x0
                [!provide]                        PROVIDE (__bss_start, .)
 *(COMMON)
                [!provide]                        PROVIDE (__bss_end, .)
                0x000000000000010e                __data_load_start = LOADADDR (.data)
                0x000000000000010e                __data_load_end = (__data_load_start + SIZEOF (.data))

.noinit         0x0000000000806000        0x0
                [!provide]                        PROVIDE (__noinit_start, .)
 *(.noinit*)
                [!provide]                        PROVIDE (__noinit_end, .)
                0x0000000000806000                _end = .

.eeprom         0x0000000000810000        0x0
 *(.eeprom*)
                0x0000000000810000                __eeprom_end = .

.fuse           0x0000000000820000        0x9
 *(.fuse)
 .fuse          0x0000000000820000        0x9 build/default/production/mcc_generated_files/system/src/config_bits.o
                0x0000000000820000                __fuse
 *(.lfuse)
 *(.hfuse)
 *(.efuse)

.lock
 *(.lock*)

.signature
 *(.signature*)

.user_signatures
 *(.user_signatures*)

.bootrow
 *(.bootrow*)

.stab
 *(.stab)

.stabstr
 *(.stabstr)

.stab.excl
 *(.stab.excl)

.stab.exclstr
 *(.stab.exclstr)

.stab.index
 *(.stab.index)

.stab.indexstr
 *(.stab.indexstr)

.comment        0x0000000000000000       0x5b
 *(.comment)
 .comment       0x0000000000000000       0x2f build/default/production/mcc_generated_files/system/src/interrupt.o
                                         0x30 (size before relaxing)
 .comment       0x000000000000002f       0x30 build/default/production/mcc_generated_files/system/src/system.o
 .comment       0x000000000000002f       0x30 build/default/production/mcc_generated_files/i2c_host/src/twi0.o
 .comment       0x000000000000002f       0x30 build/default/production/mcc_generated_files/system/src/config_bits.o
 .comment       0x000000000000002f       0x30 build/default/production/main.o
 .comment       0x000000000000002f       0x30 build/default/production/mcc_generated_files/system/src/clock.o
 .comment       0x000000000000002f       0x30 build/default/production/mcc_generated_files/system/src/pins.o
 .comment       0x000000000000002f       0x30 build/default/production/mcc_generated_files/uart/src/usart0.o
 .comment       0x000000000000002f       0x30 build/default/production/mcp23008_Microchip.o
 .comment       0x000000000000002f       0x2c c:/program files/microchip/xc8/v2.50/avr/bin/../lib/gcc/avr/5.4.0/../../../../avr/lib/avrxmega2/memx-const/mapped\libc.a(exit.o)
                                         0x2d (size before relaxing)
 .comment       0x000000000000005b       0x2d c:/program files/microchip/xc8/v2.50/avr/bin/../lib/gcc/avr/5.4.0/../../../../avr/lib/avrxmega2/memx-const/mapped\libc.a(stdout.o)
 .comment       0x000000000000005b       0x2d c:/program files/microchip/xc8/v2.50/avr/bin/../lib/gcc/avr/5.4.0/../../../../avr/lib/avrxmega2/memx-const/mapped\libc.a(_Exit.o)

.stack.descriptors.hdr
                0x0000000000000000       0x38
 .stack.descriptors.hdr
                0x0000000000000000        0xe c:/program files/microchip/xc8/v2.50/avr/bin/../lib/gcc/avr/5.4.0/../../../../avr/lib/avrxmega2/memx-const/mapped\libc.a(exit.o)
 .stack.descriptors.hdr
                0x000000000000000e        0xe c:/program files/microchip/xc8/v2.50/avr/bin/../lib/gcc/avr/5.4.0/../../../../avr/lib/avrxmega2/memx-const/mapped\libc.a(stdout.o)
 .stack.descriptors.hdr
                0x000000000000001c        0xe c:/program files/microchip/xc8/v2.50/avr/bin/../lib/gcc/avr/5.4.0/../../../../avr/lib/avrxmega2/memx-const/mapped\libc.a(_Exit.o)
 .stack.descriptors.hdr
                0x000000000000002a        0xe c:/program files/microchip/xc8/v2.50/avr/bin/../lib/gcc/avr/5.4.0/avrxmega2/memx-const/mapped\libgcc.a(_exit.o)

.note.GNU-stack
                0x0000000000000000        0x0
 .note.GNU-stack
                0x0000000000000000        0x0 c:/program files/microchip/xc8/v2.50/avr/bin/../lib/gcc/avr/5.4.0/../../../../avr/lib/avrxmega2/memx-const/mapped\libc.a(exit.o)
 .note.GNU-stack
                0x0000000000000000        0x0 c:/program files/microchip/xc8/v2.50/avr/bin/../lib/gcc/avr/5.4.0/../../../../avr/lib/avrxmega2/memx-const/mapped\libc.a(stdout.o)
 .note.GNU-stack
                0x0000000000000000        0x0 c:/program files/microchip/xc8/v2.50/avr/bin/../lib/gcc/avr/5.4.0/../../../../avr/lib/avrxmega2/memx-const/mapped\libc.a(_Exit.o)

.note.gnu.build-id
 *(.note.gnu.build-id)

.debug
 *(.debug)

.line
 *(.line)

.debug_srcinfo
 *(.debug_srcinfo)

.debug_sfnames
 *(.debug_sfnames)

.debug_aranges  0x0000000000000000      0x330
 *(.debug_aranges)
 .debug_aranges
                0x0000000000000000       0x20 build/default/production/mcc_generated_files/system/src/interrupt.o
 .debug_aranges
                0x0000000000000020       0x20 build/default/production/mcc_generated_files/system/src/system.o
 .debug_aranges
                0x0000000000000040       0xb0 build/default/production/mcc_generated_files/i2c_host/src/twi0.o
 .debug_aranges
                0x00000000000000f0       0x18 build/default/production/mcc_generated_files/system/src/config_bits.o
 .debug_aranges
                0x0000000000000108       0x20 build/default/production/mcc_generated_files/system/src/protected_io.o
 .debug_aranges
                0x0000000000000128       0x20 build/default/production/main.o
 .debug_aranges
                0x0000000000000148       0x30 build/default/production/mcc_generated_files/system/src/clock.o
 .debug_aranges
                0x0000000000000178       0x90 build/default/production/mcc_generated_files/system/src/pins.o
 .debug_aranges
                0x0000000000000208       0xe0 build/default/production/mcc_generated_files/uart/src/usart0.o
 .debug_aranges
                0x00000000000002e8       0x48 build/default/production/mcp23008_Microchip.o

.debug_pubnames
 *(.debug_pubnames)

.debug_info     0x0000000000000000     0x7d2c
 *(.debug_info .gnu.linkonce.wi.*)
 .debug_info    0x0000000000000000     0x22a4 C:/Users/joaov/.mchp_packs/Microchip/AVR-Dx_DFP/2.6.303/xc8/avr/lib/avrxmega2/memx-const/mapped/crtavr64dd32.o
 .debug_info    0x00000000000022a4      0x3ea build/default/production/mcc_generated_files/system/src/interrupt.o
 .debug_info    0x000000000000268e      0x319 build/default/production/mcc_generated_files/system/src/system.o
 .debug_info    0x00000000000029a7     0x118b build/default/production/mcc_generated_files/i2c_host/src/twi0.o
 .debug_info    0x0000000000003b32      0x8de build/default/production/mcc_generated_files/system/src/config_bits.o
 .debug_info    0x0000000000004410       0x85 build/default/production/mcc_generated_files/system/src/protected_io.o
 .debug_info    0x0000000000004495      0x79b build/default/production/main.o
 .debug_info    0x0000000000004c30      0xef1 build/default/production/mcc_generated_files/system/src/clock.o
 .debug_info    0x0000000000005b21      0xa39 build/default/production/mcc_generated_files/system/src/pins.o
 .debug_info    0x000000000000655a      0xf3f build/default/production/mcc_generated_files/uart/src/usart0.o
 .debug_info    0x0000000000007499      0x893 build/default/production/mcp23008_Microchip.o

.debug_abbrev   0x0000000000000000     0x2e47
 *(.debug_abbrev)
 .debug_abbrev  0x0000000000000000     0x20ce C:/Users/joaov/.mchp_packs/Microchip/AVR-Dx_DFP/2.6.303/xc8/avr/lib/avrxmega2/memx-const/mapped/crtavr64dd32.o
 .debug_abbrev  0x00000000000020ce       0xfa build/default/production/mcc_generated_files/system/src/interrupt.o
 .debug_abbrev  0x00000000000021c8       0x58 build/default/production/mcc_generated_files/system/src/system.o
 .debug_abbrev  0x0000000000002220      0x2d9 build/default/production/mcc_generated_files/i2c_host/src/twi0.o
 .debug_abbrev  0x00000000000024f9       0x97 build/default/production/mcc_generated_files/system/src/config_bits.o
 .debug_abbrev  0x0000000000002590       0x14 build/default/production/mcc_generated_files/system/src/protected_io.o
 .debug_abbrev  0x00000000000025a4      0x161 build/default/production/main.o
 .debug_abbrev  0x0000000000002705      0x135 build/default/production/mcc_generated_files/system/src/clock.o
 .debug_abbrev  0x000000000000283a      0x14a build/default/production/mcc_generated_files/system/src/pins.o
 .debug_abbrev  0x0000000000002984      0x2d7 build/default/production/mcc_generated_files/uart/src/usart0.o
 .debug_abbrev  0x0000000000002c5b      0x1ec build/default/production/mcp23008_Microchip.o

.debug_line     0x0000000000000000     0x1a86
 *(.debug_line .debug_line.* .debug_line_end)
 .debug_line    0x0000000000000000      0x1aa C:/Users/joaov/.mchp_packs/Microchip/AVR-Dx_DFP/2.6.303/xc8/avr/lib/avrxmega2/memx-const/mapped/crtavr64dd32.o
 .debug_line    0x00000000000001aa      0x188 build/default/production/mcc_generated_files/system/src/interrupt.o
 .debug_line    0x0000000000000332      0x131 build/default/production/mcc_generated_files/system/src/system.o
 .debug_line    0x0000000000000463      0x6be build/default/production/mcc_generated_files/i2c_host/src/twi0.o
 .debug_line    0x0000000000000b21       0xef build/default/production/mcc_generated_files/system/src/config_bits.o
 .debug_line    0x0000000000000c10       0x6d build/default/production/mcc_generated_files/system/src/protected_io.o
 .debug_line    0x0000000000000c7d      0x1b1 build/default/production/main.o
 .debug_line    0x0000000000000e2e      0x1bc build/default/production/mcc_generated_files/system/src/clock.o
 .debug_line    0x0000000000000fea      0x3ba build/default/production/mcc_generated_files/system/src/pins.o
 .debug_line    0x00000000000013a4      0x4f1 build/default/production/mcc_generated_files/uart/src/usart0.o
 .debug_line    0x0000000000001895      0x1f1 build/default/production/mcp23008_Microchip.o

.debug_frame    0x0000000000000000      0x700
 *(.debug_frame)
 .debug_frame   0x0000000000000000       0x24 build/default/production/mcc_generated_files/system/src/interrupt.o
 .debug_frame   0x0000000000000024       0x24 build/default/production/mcc_generated_files/system/src/system.o
 .debug_frame   0x0000000000000048      0x238 build/default/production/mcc_generated_files/i2c_host/src/twi0.o
 .debug_frame   0x0000000000000280       0x34 build/default/production/main.o
 .debug_frame   0x00000000000002b4       0x44 build/default/production/mcc_generated_files/system/src/clock.o
 .debug_frame   0x00000000000002f8      0x1a0 build/default/production/mcc_generated_files/system/src/pins.o
 .debug_frame   0x0000000000000498      0x1ac build/default/production/mcc_generated_files/uart/src/usart0.o
 .debug_frame   0x0000000000000644       0xbc build/default/production/mcp23008_Microchip.o

.debug_str      0x0000000000000000     0x1084
 *(.debug_str)
 .debug_str     0x0000000000000000      0xefb C:/Users/joaov/.mchp_packs/Microchip/AVR-Dx_DFP/2.6.303/xc8/avr/lib/avrxmega2/memx-const/mapped/crtavr64dd32.o
 .debug_str     0x0000000000000efb       0x13 build/default/production/mcc_generated_files/system/src/interrupt.o
 .debug_str     0x0000000000000f0e       0x5c build/default/production/mcc_generated_files/system/src/system.o
 .debug_str     0x0000000000000f6a       0x42 build/default/production/mcc_generated_files/i2c_host/src/twi0.o
 .debug_str     0x0000000000000fac        0x0 build/default/production/mcc_generated_files/system/src/config_bits.o
 .debug_str     0x0000000000000fac       0x57 build/default/production/main.o
 .debug_str     0x0000000000001003       0x13 build/default/production/mcc_generated_files/system/src/clock.o
 .debug_str     0x0000000000001016       0x30 build/default/production/mcc_generated_files/system/src/pins.o
 .debug_str     0x0000000000001046       0x10 build/default/production/mcc_generated_files/uart/src/usart0.o
 .debug_str     0x0000000000001056       0x2e build/default/production/mcp23008_Microchip.o

.debug_loc      0x0000000000000000      0x92f
 *(.debug_loc)
 .debug_loc     0x0000000000000000       0x2a build/default/production/mcc_generated_files/system/src/interrupt.o
 .debug_loc     0x000000000000002a      0x379 build/default/production/mcc_generated_files/i2c_host/src/twi0.o
 .debug_loc     0x00000000000003a3      0x23a build/default/production/mcc_generated_files/system/src/clock.o
 .debug_loc     0x00000000000005dd       0x9e build/default/production/mcc_generated_files/uart/src/usart0.o
 .debug_loc     0x000000000000067b      0x2b4 build/default/production/mcp23008_Microchip.o

.debug_macinfo
 *(.debug_macinfo)

.debug_weaknames
 *(.debug_weaknames)

.debug_funcnames
 *(.debug_funcnames)

.debug_typenames
 *(.debug_typenames)

.debug_varnames
 *(.debug_varnames)

.debug_pubtypes
 *(.debug_pubtypes)

.debug_ranges   0x0000000000000000      0x278
 *(.debug_ranges)
 .debug_ranges  0x0000000000000000       0x10 build/default/production/mcc_generated_files/system/src/interrupt.o
 .debug_ranges  0x0000000000000010       0x10 build/default/production/mcc_generated_files/system/src/system.o
 .debug_ranges  0x0000000000000020       0xa0 build/default/production/mcc_generated_files/i2c_host/src/twi0.o
 .debug_ranges  0x00000000000000c0       0x10 build/default/production/main.o
 .debug_ranges  0x00000000000000d0       0x20 build/default/production/mcc_generated_files/system/src/clock.o
 .debug_ranges  0x00000000000000f0       0x80 build/default/production/mcc_generated_files/system/src/pins.o
 .debug_ranges  0x0000000000000170       0xd0 build/default/production/mcc_generated_files/uart/src/usart0.o
 .debug_ranges  0x0000000000000240       0x38 build/default/production/mcp23008_Microchip.o

.debug_macro
 *(.debug_macro)
OUTPUT(dist/default/production/TESTE_I2C_AVR_DD.X.production.elf elf32-avr)
LOAD linker stubs
LOAD data_init

.note.gnu.avr.deviceinfo
                0x0000000000000000       0x3c
 .note.gnu.avr.deviceinfo
                0x0000000000000000       0x3c C:/Users/joaov/.mchp_packs/Microchip/AVR-Dx_DFP/2.6.303/xc8/avr/lib/avrxmega2/memx-const/mapped/crtavr64dd32.o

.bss.twi0_Status
                0x0000000000806010        0xe
 .bss.twi0_Status
                0x0000000000806010        0xe build/default/production/mcc_generated_files/i2c_host/src/twi0.o
                0x0000000000806010                twi0_Status

.bss.TWI0_Callback
                0x000000000080601e        0x2
 .bss.TWI0_Callback
                0x000000000080601e        0x2 build/default/production/mcc_generated_files/i2c_host/src/twi0.o

.bss.IO_PD3_InterruptHandler
                0x0000000000806020        0x2
 .bss.IO_PD3_InterruptHandler
                0x0000000000806020        0x2 build/default/production/mcc_generated_files/system/src/pins.o

.bss.IO_PA2_InterruptHandler
                0x0000000000806022        0x2
 .bss.IO_PA2_InterruptHandler
                0x0000000000806022        0x2 build/default/production/mcc_generated_files/system/src/pins.o

.bss.IO_PA3_InterruptHandler
                0x0000000000806024        0x2
 .bss.IO_PA3_InterruptHandler
                0x0000000000806024        0x2 build/default/production/mcc_generated_files/system/src/pins.o

.bss.IO_PD4_InterruptHandler
                0x0000000000806026        0x2
 .bss.IO_PD4_InterruptHandler
                0x0000000000806026        0x2 build/default/production/mcc_generated_files/system/src/pins.o

.bss.IO_PD5_InterruptHandler
                0x0000000000806028        0x2
 .bss.IO_PD5_InterruptHandler
                0x0000000000806028        0x2 build/default/production/mcc_generated_files/system/src/pins.o

.bss.USART0_ParityErrorHandler
                0x000000000080602a        0x2
 .bss.USART0_ParityErrorHandler
                0x000000000080602a        0x2 build/default/production/mcc_generated_files/uart/src/usart0.o
                0x000000000080602a                USART0_ParityErrorHandler

.bss.USART0_OverrunErrorHandler
                0x000000000080602c        0x2
 .bss.USART0_OverrunErrorHandler
                0x000000000080602c        0x2 build/default/production/mcc_generated_files/uart/src/usart0.o
                0x000000000080602c                USART0_OverrunErrorHandler

.bss.USART0_FramingErrorHandler
                0x000000000080602e        0x2
 .bss.USART0_FramingErrorHandler
                0x000000000080602e        0x2 build/default/production/mcc_generated_files/uart/src/usart0.o
                0x000000000080602e                USART0_FramingErrorHandler

.bss.usart0RxLastError
                0x0000000000806030        0x2
 .bss.usart0RxLastError
                0x0000000000806030        0x2 build/default/production/mcc_generated_files/uart/src/usart0.o

.bss.pinState   0x0000000000806036        0x1
 .bss.pinState  0x0000000000806036        0x1 build/default/production/mcp23008_Microchip.o
                0x0000000000806036                pinState

.bss.pinDirectionVar
                0x0000000000806037        0x1
 .bss.pinDirectionVar
                0x0000000000806037        0x1 build/default/production/mcp23008_Microchip.o
                0x0000000000806037                pinDirectionVar

.bss.__stdout   0x0000000000806034        0x2
 .bss.__stdout  0x0000000000806034        0x2 c:/program files/microchip/xc8/v2.50/avr/bin/../lib/gcc/avr/5.4.0/../../../../avr/lib/avrxmega2/memx-const/mapped\libc.a(stdout.o)

.rodata.I2C0_Host
                0x000000000080810e       0x14 load address 0x000000000000010e
 .rodata.I2C0_Host
                0x000000000080810e       0x14 build/default/production/mcc_generated_files/i2c_host/src/twi0.o
                0x000000000080810e                I2C0_Host

.rodata.twi0_eventTable
                0x0000000000808122       0x12 load address 0x0000000000000122
 .rodata.twi0_eventTable
                0x0000000000808122       0x12 build/default/production/mcc_generated_files/i2c_host/src/twi0.o
                0x0000000000808122                twi0_eventTable

.text.main      0x0000000000000134      0x15e
 .text.main     0x0000000000000134      0x15e build/default/production/main.o
                0x0000000000000134                main

.text.PIN_MANAGER_Initialize
                0x0000000000000292       0xf0
 .text.PIN_MANAGER_Initialize
                0x0000000000000292       0xf0 build/default/production/mcc_generated_files/system/src/pins.o
                0x0000000000000292                PIN_MANAGER_Initialize

.text.TWI0_ErrorEventHandler
                0x0000000000000382       0xc2
 .text.TWI0_ErrorEventHandler
                0x0000000000000382       0xc2 build/default/production/mcc_generated_files/i2c_host/src/twi0.o

.text.__vector_19
                0x0000000000000444       0xae
 .text.__vector_19
                0x0000000000000444       0xae build/default/production/mcc_generated_files/i2c_host/src/twi0.o
                0x0000000000000444                __vector_19

.text.I2C_EVENT_RX
                0x00000000000004f2       0x98
 .text.I2C_EVENT_RX
                0x00000000000004f2       0x98 build/default/production/mcc_generated_files/i2c_host/src/twi0.o

.text.CLOCK_Initialize
                0x000000000000058a       0x90
 .text.CLOCK_Initialize
                0x000000000000058a       0x90 build/default/production/mcc_generated_files/system/src/clock.o
                0x000000000000058a                CLOCK_Initialize

.text.mcpGetPinState
                0x000000000000061a       0x82
 .text.mcpGetPinState
                0x000000000000061a       0x82 build/default/production/mcp23008_Microchip.o
                0x000000000000061a                mcpGetPinState

.text.mcpSetPinMode
                0x000000000000069c       0x7a
 .text.mcpSetPinMode
                0x000000000000069c       0x7a build/default/production/mcp23008_Microchip.o
                0x000000000000069c                mcpSetPinMode

.text.__vector_24
                0x0000000000000716       0x72
 .text.__vector_24
                0x0000000000000716       0x72 build/default/production/mcc_generated_files/system/src/pins.o
                0x0000000000000716                __vector_24

.text.TWI0_WriteRead
                0x0000000000000788       0x6e
 .text.TWI0_WriteRead
                0x0000000000000788       0x6e build/default/production/mcc_generated_files/i2c_host/src/twi0.o
                0x0000000000000788                TWI0_WriteRead

.text.__vector_8
                0x00000000000007f6       0x64
 .text.__vector_8
                0x00000000000007f6       0x64 build/default/production/mcc_generated_files/system/src/pins.o
                0x00000000000007f6                __vector_8

.text.TWI0_Write
                0x000000000000085a       0x5c
 .text.TWI0_Write
                0x000000000000085a       0x5c build/default/production/mcc_generated_files/i2c_host/src/twi0.o
                0x000000000000085a                TWI0_Write

.text.TWI0_Read
                0x00000000000008b6       0x5c
 .text.TWI0_Read
                0x00000000000008b6       0x5c build/default/production/mcc_generated_files/i2c_host/src/twi0.o
                0x00000000000008b6                TWI0_Read

.text.USART0_Initialize
                0x0000000000000912       0x5c
 .text.USART0_Initialize
                0x0000000000000912       0x5c build/default/production/mcc_generated_files/uart/src/usart0.o
                0x0000000000000912                USART0_Initialize

.text.sendData  0x000000000000096e       0x5a
 .text.sendData
                0x000000000000096e       0x5a build/default/production/mcp23008_Microchip.o
                0x000000000000096e                sendData

.text.I2C_EVENT_TX
                0x00000000000009c8       0x46
 .text.I2C_EVENT_TX
                0x00000000000009c8       0x46 build/default/production/mcc_generated_files/i2c_host/src/twi0.o

.text.I2C_EVENT_STOP
                0x0000000000000a0e       0x40
 .text.I2C_EVENT_STOP
                0x0000000000000a0e       0x40 build/default/production/mcc_generated_files/i2c_host/src/twi0.o

.text.TWI0_Initialize
                0x0000000000000a4e       0x34
 .text.TWI0_Initialize
                0x0000000000000a4e       0x34 build/default/production/mcc_generated_files/i2c_host/src/twi0.o
                0x0000000000000a4e                TWI0_Initialize

.text.TWI0_Deinitialize
                0x0000000000000a82       0x2a
 .text.TWI0_Deinitialize
                0x0000000000000a82       0x2a build/default/production/mcc_generated_files/i2c_host/src/twi0.o
                0x0000000000000a82                TWI0_Deinitialize

.text.mcpSetPinLow
                0x0000000000000aac       0x26
 .text.mcpSetPinLow
                0x0000000000000aac       0x26 build/default/production/mcp23008_Microchip.o
                0x0000000000000aac                mcpSetPinLow

.text.mcpSetPinHigh
                0x0000000000000ad2       0x24
 .text.mcpSetPinHigh
                0x0000000000000ad2       0x24 build/default/production/mcp23008_Microchip.o
                0x0000000000000ad2                mcpSetPinHigh

.text.CPUINT_Initialize
                0x0000000000000af6       0x1a
 .text.CPUINT_Initialize
                0x0000000000000af6       0x1a build/default/production/mcc_generated_files/system/src/interrupt.o
                0x0000000000000af6                CPUINT_Initialize

.text.TWI0_IsBusy
                0x0000000000000b10       0x18
 .text.TWI0_IsBusy
                0x0000000000000b10       0x18 build/default/production/mcc_generated_files/i2c_host/src/twi0.o
                0x0000000000000b10                TWI0_IsBusy

.text.I2C_EVENT_RESET
                0x0000000000000b28       0x18
 .text.I2C_EVENT_RESET
                0x0000000000000b28       0x18 build/default/production/mcc_generated_files/i2c_host/src/twi0.o

.text.USART0_printCHAR
                0x0000000000000b40       0x18
 .text.USART0_printCHAR
                0x0000000000000b40       0x18 build/default/production/mcc_generated_files/uart/src/usart0.o
                0x0000000000000b40                USART0_printCHAR

.text.SYSTEM_Initialize
                0x0000000000000b58       0x16
 .text.SYSTEM_Initialize
                0x0000000000000b58       0x16 build/default/production/mcc_generated_files/system/src/system.o
                0x0000000000000b58                SYSTEM_Initialize

.text.exit      0x0000000000000b6e       0x16
 .text.exit     0x0000000000000b6e       0x16 c:/program files/microchip/xc8/v2.50/avr/bin/../lib/gcc/avr/5.4.0/../../../../avr/lib/avrxmega2/memx-const/mapped\libc.a(exit.o)
                0x0000000000000b6e                exit

.text.I2C_EVENT_SEND_RD_ADDR
                0x0000000000000b84       0x14
 .text.I2C_EVENT_SEND_RD_ADDR
                0x0000000000000b84       0x14 build/default/production/mcc_generated_files/i2c_host/src/twi0.o

.text.I2C_EVENT_IDLE
                0x0000000000000b98       0x12
 .text.I2C_EVENT_IDLE
                0x0000000000000b98       0x12 build/default/production/mcc_generated_files/i2c_host/src/twi0.o

.text.I2C_EVENT_SEND_WR_ADDR
                0x0000000000000baa       0x12
 .text.I2C_EVENT_SEND_WR_ADDR
                0x0000000000000baa       0x12 build/default/production/mcc_generated_files/i2c_host/src/twi0.o

.text.I2C_EVENT_ERROR
                0x0000000000000bbc       0x10
 .text.I2C_EVENT_ERROR
                0x0000000000000bbc       0x10 build/default/production/mcc_generated_files/i2c_host/src/twi0.o

.text.TWI0_CallbackRegister
                0x0000000000000bcc        0xe
 .text.TWI0_CallbackRegister
                0x0000000000000bcc        0xe build/default/production/mcc_generated_files/i2c_host/src/twi0.o
                0x0000000000000bcc                TWI0_CallbackRegister

.text.USART0_IsTxReady
                0x0000000000000bda        0xc
 .text.USART0_IsTxReady
                0x0000000000000bda        0xc build/default/production/mcc_generated_files/uart/src/usart0.o
                0x0000000000000bda                USART0_IsTxReady

.text.TWI0_ErrorGet
                0x0000000000000be6        0xa
 .text.TWI0_ErrorGet
                0x0000000000000be6        0xa build/default/production/mcc_generated_files/i2c_host/src/twi0.o
                0x0000000000000be6                TWI0_ErrorGet

.text.__vector_29
                0x0000000000000bf0        0xa
 .text.__vector_29
                0x0000000000000bf0        0xa build/default/production/mcc_generated_files/system/src/pins.o
                0x0000000000000bf0                __vector_29

.text.__vector_34
                0x0000000000000bfa        0xa
 .text.__vector_34
                0x0000000000000bfa        0xa build/default/production/mcc_generated_files/system/src/pins.o
                0x0000000000000bfa                __vector_34

.text.protected_write_io
                0x0000000000000c04        0x8
 .text.protected_write_io
                0x0000000000000c04        0x8 build/default/production/mcc_generated_files/system/src/protected_io.o
                0x0000000000000c04                protected_write_io

.text.mcp23008Init
                0x0000000000000c0c        0x8
 .text.mcp23008Init
                0x0000000000000c0c        0x8 build/default/production/mcp23008_Microchip.o
                0x0000000000000c0c                mcp23008Init

.text.I2C_EVENT_NACK
                0x0000000000000c14        0x6
 .text.I2C_EVENT_NACK
                0x0000000000000c14        0x6 build/default/production/mcc_generated_files/i2c_host/src/twi0.o

.text           0x0000000000000c1a        0x4
 .text          0x0000000000000c1a        0x4 C:/Users/joaov/.mchp_packs/Microchip/AVR-Dx_DFP/2.6.303/xc8/avr/lib/avrxmega2/memx-const/mapped/crtavr64dd32.o
                0x0000000000000c1a                __vector_22
                0x0000000000000c1a                __vector_28
                0x0000000000000c1a                __vector_1
                0x0000000000000c1a                __vector_32
                0x0000000000000c1a                __vector_12
                0x0000000000000c1a                __bad_interrupt
                0x0000000000000c1a                __vector_6
                0x0000000000000c1a                __vector_31
                0x0000000000000c1a                __vector_35
                0x0000000000000c1a                __vector_3
                0x0000000000000c1a                __vector_23
                0x0000000000000c1a                __vector_30
                0x0000000000000c1a                __vector_25
                0x0000000000000c1a                __vector_11
                0x0000000000000c1a                __vector_13
                0x0000000000000c1a                __vector_17
                0x0000000000000c1a                __vector_7
                0x0000000000000c1a                __vector_27
                0x0000000000000c1a                __vector_5
                0x0000000000000c1a                __vector_33
                0x0000000000000c1a                __vector_4
                0x0000000000000c1a                __vector_9
                0x0000000000000c1a                __vector_2
                0x0000000000000c1a                __vector_21
                0x0000000000000c1a                __vector_15
                0x0000000000000c1a                __vector_26
                0x0000000000000c1a                __vector_14
                0x0000000000000c1a                __vector_10
                0x0000000000000c1a                __vector_16
                0x0000000000000c1a                __vector_18
                0x0000000000000c1a                __vector_20

.text._Exit     0x0000000000000c1e        0x4
 .text._Exit    0x0000000000000c1e        0x4 c:/program files/microchip/xc8/v2.50/avr/bin/../lib/gcc/avr/5.4.0/../../../../avr/lib/avrxmega2/memx-const/mapped\libc.a(_Exit.o)
                0x0000000000000c1e                _Exit

.text.IO_PD5_DefaultInterruptHandler
                0x0000000000000c22        0x2
 .text.IO_PD5_DefaultInterruptHandler
                0x0000000000000c22        0x2 build/default/production/mcc_generated_files/system/src/pins.o
                0x0000000000000c22                IO_PD5_DefaultInterruptHandler

.text.IO_PD4_DefaultInterruptHandler
                0x0000000000000c24        0x2
 .text.IO_PD4_DefaultInterruptHandler
                0x0000000000000c24        0x2 build/default/production/mcc_generated_files/system/src/pins.o
                0x0000000000000c24                IO_PD4_DefaultInterruptHandler

.text.IO_PA3_DefaultInterruptHandler
                0x0000000000000c26        0x2
 .text.IO_PA3_DefaultInterruptHandler
                0x0000000000000c26        0x2 build/default/production/mcc_generated_files/system/src/pins.o
                0x0000000000000c26                IO_PA3_DefaultInterruptHandler

.text.IO_PA2_DefaultInterruptHandler
                0x0000000000000c28        0x2
 .text.IO_PA2_DefaultInterruptHandler
                0x0000000000000c28        0x2 build/default/production/mcc_generated_files/system/src/pins.o
                0x0000000000000c28                IO_PA2_DefaultInterruptHandler

.text.IO_PD3_DefaultInterruptHandler
                0x0000000000000c2a        0x2
 .text.IO_PD3_DefaultInterruptHandler
                0x0000000000000c2a        0x2 build/default/production/mcc_generated_files/system/src/pins.o
                0x0000000000000c2a                IO_PD3_DefaultInterruptHandler

.text.USART0_DefaultFramingErrorCallback
                0x0000000000000c2c        0x2
 .text.USART0_DefaultFramingErrorCallback
                0x0000000000000c2c        0x2 build/default/production/mcc_generated_files/uart/src/usart0.o

.text.USART0_DefaultOverrunErrorCallback
                0x0000000000000c2e        0x2
 .text.USART0_DefaultOverrunErrorCallback
                0x0000000000000c2e        0x2 build/default/production/mcc_generated_files/uart/src/usart0.o

.text.USART0_DefaultParityErrorCallback
                0x0000000000000c30        0x2
 .text.USART0_DefaultParityErrorCallback
                0x0000000000000c30        0x2 build/default/production/mcc_generated_files/uart/src/usart0.o

.text.__dummy_fini
                0x0000000000000c32        0x2
 .text.__dummy_fini
                0x0000000000000c32        0x2 c:/program files/microchip/xc8/v2.50/avr/bin/../lib/gcc/avr/5.4.0/../../../../avr/lib/avrxmega2/memx-const/mapped\libc.a(exit.o)
                0x0000000000000c32                _fini

.text.__dummy_funcs_on_exit
                0x0000000000000c34        0x2
 .text.__dummy_funcs_on_exit
                0x0000000000000c34        0x2 c:/program files/microchip/xc8/v2.50/avr/bin/../lib/gcc/avr/5.4.0/../../../../avr/lib/avrxmega2/memx-const/mapped\libc.a(exit.o)
                0x0000000000000c34                __funcs_on_exit

.text.__dummy_simulator_exit
                0x0000000000000c36        0x2
 .text.__dummy_simulator_exit
                0x0000000000000c36        0x2 c:/program files/microchip/xc8/v2.50/avr/bin/../lib/gcc/avr/5.4.0/../../../../avr/lib/avrxmega2/memx-const/mapped\libc.a(exit.o)
                0x0000000000000c36                __simulator_exit

.data.USART0_stream
                0x0000000000806000       0x10 load address 0x0000000000000c38
 .data.USART0_stream
                0x0000000000806000       0x10 build/default/production/mcc_generated_files/uart/src/usart0.o
                0x0000000000806000                USART0_stream

.data._stdout   0x0000000000806032        0x2 load address 0x0000000000000c48
 .data._stdout  0x0000000000806032        0x2 c:/program files/microchip/xc8/v2.50/avr/bin/../lib/gcc/avr/5.4.0/../../../../avr/lib/avrxmega2/memx-const/mapped\libc.a(stdout.o)
                0x0000000000806032                _stdout
